// Jest Snapshot v1, https://goo.gl/fbAQLP

exports[`Form component renders Form 1`] = `
<form
  className="Form"
>
  <div
    className="url"
  >
    <input
      name="url"
      placeholder="URL"
      required={true}
      type="text"
      value=""
    />
  </div>
  <div
    className="methods"
  >
    <input
      checked={false}
      className="method-selector"
      id="GET"
      name="method"
      type="radio"
      value="GET"
    />
    <label
      htmlFor="GET"
    >
      GET
    </label>
    <input
      checked={false}
      className="method-selector"
      id="POST"
      name="method"
      type="radio"
      value="POST"
    />
    <label
      htmlFor="POST"
    >
      POST
    </label>
    <input
      checked={false}
      className="method-selector"
      id="PUT"
      name="method"
      type="radio"
      value="PUT"
    />
    <label
      htmlFor="PUT"
    >
      PUT
    </label>
    <input
      checked={false}
      className="method-selector"
      id="PATCH"
      name="method"
      type="radio"
      value="PATCH"
    />
    <label
      htmlFor="PATCH"
    >
      PATCH
    </label>
    <input
      checked={false}
      className="method-selector"
      id="DELETE"
      name="method"
      type="radio"
      value="DELETE"
    />
    <label
      htmlFor="DELETE"
    >
      DELETE
    </label>
    <button
      className="form-submit"
      type="submit"
    >
      Go!
    </button>
    <button
      className="clear-button"
      type="reset"
    >
      Clear All
    </button>
  </div>
  <textarea
    className="reqbody"
    disabled={false}
    name="requestBody"
    placeholder="Raw JSON Body"
    value=""
  />
  <div
    className="auth"
  >
    <p>
      Basic Authorization
    </p>
    <input
      className="username"
      name="username"
      placeholder="Username"
      type="text"
      value=""
    />
    <input
      className="password"
      name="password"
      placeholder="Password"
      type="password"
      value=""
    />
    <p>
      Bearer Token
    </p>
    <input
      className="text"
      name="token"
      placeholder="Bearer Token"
      type="text"
      value=""
    />
  </div>
</form>
`;
